---
source: tests/blame_flags.rs
expression: comparison
---
{
    "long_rev_git_ai_normalized": "564e1b8e (<AUTHOR_INFO>) Line 1\n564e1b8e (<AUTHOR_INFO>) Line 2",
    "long_rev_git_ai_raw": "564e1b8e (Test User 2023-01-01 12:00:00 +0000    1) Line 1\n564e1b8e (Test User 2023-01-01 12:00:00 +0000    2) Line 2\n",
    "long_rev_git_normalized": "564e1b8e (<AUTHOR_INFO>) Line 1\n564e1b8e (<AUTHOR_INFO>) Line 2",
    "long_rev_git_raw": "^564e1b8e327009f68d8673bd0b32ea92583224c (Test User 2023-01-01 12:00:00 +0000 1) Line 1\n^564e1b8e327009f68d8673bd0b32ea92583224c (Test User 2023-01-01 12:00:00 +0000 2) Line 2\n",
}
