---
source: tests/blame_flags.rs
expression: comparison
---
{
    "blank_boundary_git_ai_normalized": "564e1b8e (<AUTHOR_INFO>) Line 1\n564e1b8e (<AUTHOR_INFO>) Line 2",
    "blank_boundary_git_ai_raw": "564e1b8e (Test User 2023-01-01 12:00:00 +0000    1) Line 1\n564e1b8e (Test User 2023-01-01 12:00:00 +0000    2) Line 2\n",
    "blank_boundary_git_normalized": "(<AUTHOR Line 1\n(<AUTHOR Line 2",
    "blank_boundary_git_raw": "         (Test User 2023-01-01 12:00:00 +0000 1) Line 1\n         (Test User 2023-01-01 12:00:00 +0000 2) Line 2\n",
}
