---
source: tests/blame_flags.rs
expression: comparison
---
{
    "date_format_git_ai_normalized": "564e1b8e (<AUTHOR_INFO>) Line 1\n564e1b8e (<AUTHOR_INFO>) Line 2",
    "date_format_git_ai_raw": "564e1b8e (Test User 2023-01-01             1) Line 1\n564e1b8e (Test User 2023-01-01             2) Line 2\n",
    "date_format_git_normalized": "564e1b8 (<AUTHOR_INFO>) Line 1\n564e1b8 (<AUTHOR_INFO>) Line 2",
    "date_format_git_raw": "^564e1b8 (Test User 2023-01-01 1) Line 1\n^564e1b8 (Test User 2023-01-01 2) Line 2\n",
}
