---
source: tests/blame_flags.rs
expression: comparison
---
{
    "show_email_git_ai_normalized": "564e1b8e (<AUTHOR_INFO>) Line 1\n564e1b8e (<AUTHOR_INFO>) Line 2",
    "show_email_git_ai_raw": "564e1b8e (Test User 2023-01-01 12:00:00 +0000    1) Line 1\n564e1b8e (Test User 2023-01-01 12:00:00 +0000    2) Line 2\n",
    "show_email_git_normalized": "564e1b8 (<AUTHOR_INFO>) Line 1\n564e1b8 (<AUTHOR_INFO>) Line 2",
    "show_email_git_raw": "^564e1b8 (<test@example.com> 2023-01-01 12:00:00 +0000 1) Line 1\n^564e1b8 (<test@example.com> 2023-01-01 12:00:00 +0000 2) Line 2\n",
}
