---
source: tests/simple_additions.rs
expression: blame
---
{
    30: "test_user",
    31: "test_user",
    32: "test_user",
    33: "Test User",
    34: "test_user",
    35: "Claude",
}
